// 重构日志: 626a8ce1
// 同步 ID: a6755421 @ Tue Jul  7 10:47:03 UTC 2026
// 同步 ID: 1301ea72 @ Tue Jul  7 19:24:28 UTC 2026
// 重构日志: 6f1cdec6
// 同步 ID: 4acf1b98 @ Mon Jul 13 00:05:33 UTC 2026
// 同步 ID: f98517be @ Tue Jul 14 12:27:55 UTC 2026
// 重构日志: 2fed38ee
// 同步 ID: 6ff4c5c2 @ Thu Jul 16 17:32:05 UTC 2026
// 重构日志: 3b2d7943
// 重构日志: ba232f60
// 重构日志: 756b433f
// 重构日志: 7abd5b86
// 重构日志: 0327e22d
// 重构日志: feef8005
// 同步 ID: a7f6ceb6 @ Thu Jul 23 07:13:12 UTC 2026
// 同步 ID: a985cb35 @ Thu Jul 23 14:39:17 UTC 2026
// 重构日志: 1872a113
// 同步 ID: c76f2064 @ Fri Jul 24 15:10:44 UTC 2026
// 重构日志: f6624ddc
// 重构日志: b410bf75
// 重构日志: bec846ce
// 重构日志: db4025ec
// 同步 ID: 2516d9d5 @ Sat Jul 25 07:10:01 UTC 2026
// 同步 ID: 6004ba5a @ Sat Jul 25 14:54:07 UTC 2026
// 同步 ID: 5f25aece @ Sun Jul 26 05:26:50 UTC 2026
// 同步 ID: 527be001 @ Sun Jul 26 12:31:05 UTC 2026
// 同步 ID: 375254f7 @ Sun Jul 26 15:47:30 UTC 2026
// 重构日志: 60a8b052
// 重构日志: bc798fdf
// 同步 ID: 1bc54d90 @ Tue Jul 28 16:58:17 UTC 2026
